#
# There is insufficient memory for the Java Runtime Environment to continue.
# Native memory allocation (mmap) failed to map 10021765120 bytes for committing reserved memory.
# Possible reasons:
#   The system is out of physical RAM or swap space
#   The process is running with CompressedOops enabled, and the Java Heap may be blocking the growth of the native heap
# Possible solutions:
#   Reduce memory load on the system
#   Increase physical memory or swap space
#   Check if swap backing store is full
#   Decrease Java heap size (-Xmx/-Xms)
#   Decrease number of Java threads
#   Decrease Java thread stack sizes (-Xss)
#   Set larger code cache with -XX:ReservedCodeCacheSize=
# This output file may be truncated or incomplete.
#
#  Out of Memory Error (os_linux.cpp:2791), pid=22326, tid=0x000079628d7ff6c0
#
# JRE version:  (8.0_402-b06) (build )
# Java VM: OpenJDK 64-Bit Server VM (25.402-b06 mixed mode linux-amd64 compressed oops)
# Core dump written. Default location: /workspaces/kkk/pixel/core or core.22326
#

---------------  T H R E A D  ---------------

Current thread (0x0000796288009800):  JavaThread "Unknown thread" [_thread_in_vm, id=22333, stack(0x000079628d700000,0x000079628d800000)]

Stack: [0x000079628d700000,0x000079628d800000],  sp=0x000079628d7fe5d0,  free space=1017k
Native frames: (J=compiled Java code, j=interpreted, Vv=VM code, C=native code)
V  [libjvm.so+0xa89b2d]  VMError::report_and_die()+0x1cd
V  [libjvm.so+0x4da1da]  report_vm_out_of_memory(char const*, int, unsigned long, VMErrorType, char const*)+0x8a
V  [libjvm.so+0x8e2338]  os::pd_commit_memory(char*, unsigned long, unsigned long, bool)+0xd8
V  [libjvm.so+0x8dc68f]  os::commit_memory(char*, unsigned long, unsigned long, bool)+0x1f
V  [libjvm.so+0x9573fb]  PSVirtualSpace::expand_by(unsigned long)+0x5b
V  [libjvm.so+0x948b98]  PSOldGen::initialize(ReservedSpace, unsigned long, char const*, int)+0xa8
V  [libjvm.so+0x2d0183]  AdjoiningGenerations::AdjoiningGenerations(ReservedSpace, GenerationSizer*, unsigned long)+0x353
V  [libjvm.so+0x909631]  ParallelScavengeHeap::initialize()+0x211
V  [libjvm.so+0xa54da9]  Universe::initialize_heap()+0x189
V  [libjvm.so+0xa54fa3]  universe_init()+0x33
V  [libjvm.so+0x60edcf]  init_globals()+0x5f
V  [libjvm.so+0xa36e44]  Threads::create_vm(JavaVMInitArgs*, bool*)+0x274
V  [libjvm.so+0x6ce87e]  JNI_CreateJavaVM+0x4e
C  [libjli.so+0x78d4]  JavaMain+0x94
C  [libc.so.6+0x9caa4]
C  [libc.so.6+0x129c3c]


---------------  P R O C E S S  ---------------

Java Threads: ( => current thread )

Other Threads:

=>0x0000796288009800 (exited) JavaThread "Unknown thread" [_thread_in_vm, id=22333, stack(0x000079628d700000,0x000079628d800000)]

VM state:not at safepoint (not fully initialized)

VM Mutex/Monitor currently owned by a thread: None

heap address: 0x0000000440000000, size: 14336 MB, Compressed Oops mode: Non-zero based:0x000000043ffff000, Oop shift amount: 3
Narrow klass base: 0x0000000000000000, Narrow klass shift: 0

GC Heap History (0 events):
No events

Deoptimization events (0 events):
No events

Classes redefined (0 events):
No events

Internal exceptions (0 events):
No events

Events (0 events):
No events


Dynamic libraries:
695580000-7c0000000 rw-p 00000000 00:00 0 
60c44c000000-60c44c001000 r-xp 00000000 00:2a 1328116                    /opt/java/openjdk/bin/java
60c44c200000-60c44c201000 r--p 00000000 00:2a 1328116                    /opt/java/openjdk/bin/java
60c44c201000-60c44c202000 rw-p 00001000 00:2a 1328116                    /opt/java/openjdk/bin/java
60c4584ce000-60c4584ef000 rw-p 00000000 00:00 0                          [heap]
7962773ff000-7962786a9000 ---p 00000000 00:00 0 
7962786a9000-796279000000 rw-p 00000000 00:00 0 
796279000000-796279270000 rwxp 00000000 00:00 0 
796279270000-796288000000 ---p 00000000 00:00 0 
796288000000-796288045000 rw-p 00000000 00:00 0 
796288045000-79628c000000 ---p 00000000 00:00 0 
79628c840000-79628c84a000 rw-p 00000000 00:00 0 
79628c84a000-79628cc00000 ---p 00000000 00:00 0 
79628cc00000-79628cc1c000 r-xp 00000000 00:2a 1327600                    /opt/java/openjdk/jre/lib/amd64/libzip.so
79628cc1c000-79628ce1b000 ---p 0001c000 00:2a 1327600                    /opt/java/openjdk/jre/lib/amd64/libzip.so
79628ce1b000-79628ce1c000 r--p 0001b000 00:2a 1327600                    /opt/java/openjdk/jre/lib/amd64/libzip.so
79628ce1c000-79628ce1d000 rw-p 0001c000 00:2a 1327600                    /opt/java/openjdk/jre/lib/amd64/libzip.so
79628ce5f000-79628d000000 rw-p 00000000 00:00 0 
79628d000000-79628d029000 r-xp 00000000 00:2a 1327631                    /opt/java/openjdk/jre/lib/amd64/libjava.so
79628d029000-79628d228000 ---p 00029000 00:2a 1327631                    /opt/java/openjdk/jre/lib/amd64/libjava.so
79628d228000-79628d229000 r--p 00028000 00:2a 1327631                    /opt/java/openjdk/jre/lib/amd64/libjava.so
79628d229000-79628d22b000 rw-p 00029000 00:2a 1327631                    /opt/java/openjdk/jre/lib/amd64/libjava.so
79628d30b000-79628d400000 rw-p 00000000 00:00 0 
79628d400000-79628d410000 r-xp 00000000 00:2a 1327611                    /opt/java/openjdk/jre/lib/amd64/libverify.so
79628d410000-79628d60f000 ---p 00010000 00:2a 1327611                    /opt/java/openjdk/jre/lib/amd64/libverify.so
79628d60f000-79628d611000 r--p 0000f000 00:2a 1327611                    /opt/java/openjdk/jre/lib/amd64/libverify.so
79628d611000-79628d612000 rw-p 00011000 00:2a 1327611                    /opt/java/openjdk/jre/lib/amd64/libverify.so
79628d6ff000-79628d700000 ---p 00000000 00:00 0 
79628d700000-79628d703000 ---p 00000000 00:00 0 
79628d703000-79628d800000 rw-p 00000000 00:00 0 
79628d800000-79628e4b6000 r-xp 00000000 00:2a 1327606                    /opt/java/openjdk/jre/lib/amd64/server/libjvm.so
79628e4b6000-79628e6b5000 ---p 00cb6000 00:2a 1327606                    /opt/java/openjdk/jre/lib/amd64/server/libjvm.so
79628e6b5000-79628e758000 r--p 00cb5000 00:2a 1327606                    /opt/java/openjdk/jre/lib/amd64/server/libjvm.so
79628e758000-79628e781000 rw-p 00d58000 00:2a 1327606                    /opt/java/openjdk/jre/lib/amd64/server/libjvm.so
79628e781000-79628e7c9000 rw-p 00000000 00:00 0 
79628e7ee000-79628e816000 r--p 00000000 00:2a 1180536                    /usr/lib/x86_64-linux-gnu/libc.so.6
79628e816000-79628e99e000 r-xp 00028000 00:2a 1180536                    /usr/lib/x86_64-linux-gnu/libc.so.6
79628e99e000-79628e9ed000 r--p 001b0000 00:2a 1180536                    /usr/lib/x86_64-linux-gnu/libc.so.6
79628e9ed000-79628e9f1000 r--p 001fe000 00:2a 1180536                    /usr/lib/x86_64-linux-gnu/libc.so.6
79628e9f1000-79628e9f3000 rw-p 00202000 00:2a 1180536                    /usr/lib/x86_64-linux-gnu/libc.so.6
79628e9f3000-79628ea00000 rw-p 00000000 00:00 0 
79628ea00000-79628ea17000 r-xp 00000000 00:2a 1328069                    /opt/java/openjdk/lib/amd64/jli/libjli.so
79628ea17000-79628ec16000 ---p 00017000 00:2a 1328069                    /opt/java/openjdk/lib/amd64/jli/libjli.so
79628ec16000-79628ec17000 r--p 00016000 00:2a 1328069                    /opt/java/openjdk/lib/amd64/jli/libjli.so
79628ec17000-79628ec18000 rw-p 00017000 00:2a 1328069                    /opt/java/openjdk/lib/amd64/jli/libjli.so
79628ed05000-79628ed0d000 rw-s 00000000 08:01 1441799                    /tmp/hsperfdata_codespace/22326
79628ed0d000-79628ed0e000 r--p 00000000 00:2a 1180617                    /usr/lib/x86_64-linux-gnu/librt.so.1
79628ed0e000-79628ed0f000 r-xp 00001000 00:2a 1180617                    /usr/lib/x86_64-linux-gnu/librt.so.1
79628ed0f000-79628ed10000 r--p 00002000 00:2a 1180617                    /usr/lib/x86_64-linux-gnu/librt.so.1
79628ed10000-79628ed11000 r--p 00002000 00:2a 1180617                    /usr/lib/x86_64-linux-gnu/librt.so.1
79628ed11000-79628ed12000 rw-p 00003000 00:2a 1180617                    /usr/lib/x86_64-linux-gnu/librt.so.1
79628ed12000-79628ed22000 r--p 00000000 00:2a 1180578                    /usr/lib/x86_64-linux-gnu/libm.so.6
79628ed22000-79628eda1000 r-xp 00010000 00:2a 1180578                    /usr/lib/x86_64-linux-gnu/libm.so.6
79628eda1000-79628edf9000 r--p 0008f000 00:2a 1180578                    /usr/lib/x86_64-linux-gnu/libm.so.6
79628edf9000-79628edfa000 r--p 000e7000 00:2a 1180578                    /usr/lib/x86_64-linux-gnu/libm.so.6
79628edfa000-79628edfb000 rw-p 000e8000 00:2a 1180578                    /usr/lib/x86_64-linux-gnu/libm.so.6
79628edfb000-79628edfd000 rw-p 00000000 00:00 0 
79628edfd000-79628edfe000 r--p 00000000 00:2a 1180550                    /usr/lib/x86_64-linux-gnu/libdl.so.2
79628edfe000-79628edff000 r-xp 00001000 00:2a 1180550                    /usr/lib/x86_64-linux-gnu/libdl.so.2
79628edff000-79628ee00000 r--p 00002000 00:2a 1180550                    /usr/lib/x86_64-linux-gnu/libdl.so.2
79628ee00000-79628ee01000 r--p 00002000 00:2a 1180550                    /usr/lib/x86_64-linux-gnu/libdl.so.2
79628ee01000-79628ee02000 rw-p 00003000 00:2a 1180550                    /usr/lib/x86_64-linux-gnu/libdl.so.2
79628ee02000-79628ee03000 r--p 00000000 00:2a 1180615                    /usr/lib/x86_64-linux-gnu/libpthread.so.0
79628ee03000-79628ee04000 r-xp 00001000 00:2a 1180615                    /usr/lib/x86_64-linux-gnu/libpthread.so.0
79628ee04000-79628ee05000 r--p 00002000 00:2a 1180615                    /usr/lib/x86_64-linux-gnu/libpthread.so.0
79628ee05000-79628ee06000 r--p 00002000 00:2a 1180615                    /usr/lib/x86_64-linux-gnu/libpthread.so.0
79628ee06000-79628ee07000 rw-p 00003000 00:2a 1180615                    /usr/lib/x86_64-linux-gnu/libpthread.so.0
79628ee0c000-79628ee0d000 rw-p 00000000 00:00 0 
79628ee0d000-79628ee0e000 r--p 00000000 00:00 0 
79628ee0e000-79628ee10000 rw-p 00000000 00:00 0 
79628ee10000-79628ee11000 r--p 00000000 00:2a 1180516                    /usr/lib/x86_64-linux-gnu/ld-linux-x86-64.so.2
79628ee11000-79628ee3c000 r-xp 00001000 00:2a 1180516                    /usr/lib/x86_64-linux-gnu/ld-linux-x86-64.so.2
79628ee3c000-79628ee46000 r--p 0002c000 00:2a 1180516                    /usr/lib/x86_64-linux-gnu/ld-linux-x86-64.so.2
79628ee46000-79628ee48000 r--p 00036000 00:2a 1180516                    /usr/lib/x86_64-linux-gnu/ld-linux-x86-64.so.2
79628ee48000-79628ee4a000 rw-p 00038000 00:2a 1180516                    /usr/lib/x86_64-linux-gnu/ld-linux-x86-64.so.2
7ffecba4d000-7ffecba6f000 rw-p 00000000 00:00 0                          [stack]
7ffecba8d000-7ffecba91000 r--p 00000000 00:00 0                          [vvar]
7ffecba91000-7ffecba93000 r-xp 00000000 00:00 0                          [vdso]
ffffffffff600000-ffffffffff601000 --xp 00000000 00:00 0                  [vsyscall]

VM Arguments:
jvm_args: -Xms14G -Xmx14G 
java_command: forge-1.16.5-36.2.35.jar nogui
java_class_path (initial): forge-1.16.5-36.2.35.jar
Launcher Type: SUN_STANDARD

Environment Variables:
JAVA_HOME=/usr/local/sdkman/candidates/java/current
PATH=/usr/local/rvm/gems/ruby-3.4.1/bin:/usr/local/rvm/gems/ruby-3.4.1@global/bin:/usr/local/rvm/rubies/ruby-3.4.1/bin:/vscode/bin/linux-x64/2901c5ac6db8a986a5666c3af51ff804d05af0d4/bin/remote-cli:/home/codespace/.local/bin:/home/codespace/.dotnet:/home/codespace/nvm/current/bin:/home/codespace/.php/current/bin:/home/codespace/.python/current/bin:/home/codespace/java/current/bin:/home/codespace/.ruby/current/bin:/home/codespace/.local/bin:/usr/local/python/current/bin:/usr/local/py-utils/bin:/usr/local/jupyter:/usr/local/oryx:/usr/local/go/bin:/go/bin:/usr/local/sdkman/bin:/usr/local/sdkman/candidates/java/current/bin:/usr/local/sdkman/candidates/gradle/current/bin:/usr/local/sdkman/candidates/maven/current/bin:/usr/local/sdkman/candidates/ant/current/bin:/usr/local/rvm/gems/default/bin:/usr/local/rvm/gems/default@global/bin:/usr/local/rvm/rubies/default/bin:/usr/local/share/rbenv/bin:/usr/local/php/current/bin:/opt/conda/bin:/usr/local/nvs:/usr/local/share/nvm/versions/node/v22.16.0/bin:/usr/local/hugo/bin:/usr/local/sbin:/usr/local/bin:/usr/sbin:/usr/bin:/sbin:/bin:/usr/share/dotnet:/home/codespace/.dotnet/tools:/usr/local/rvm/bin
SHELL=/bin/bash

Signal Handlers:
SIGSEGV: [libjvm.so+0xa8a570], sa_mask[0]=11111111011111111101111111111110, sa_flags=SA_RESTART|SA_SIGINFO
SIGBUS: [libjvm.so+0xa8a570], sa_mask[0]=11111111011111111101111111111110, sa_flags=SA_RESTART|SA_SIGINFO
SIGFPE: [libjvm.so+0x8dd7e0], sa_mask[0]=11111111011111111101111111111110, sa_flags=SA_RESTART|SA_SIGINFO
SIGPIPE: [libjvm.so+0x8dd7e0], sa_mask[0]=11111111011111111101111111111110, sa_flags=SA_RESTART|SA_SIGINFO
SIGXFSZ: [libjvm.so+0x8dd7e0], sa_mask[0]=11111111011111111101111111111110, sa_flags=SA_RESTART|SA_SIGINFO
SIGILL: [libjvm.so+0x8dd7e0], sa_mask[0]=11111111011111111101111111111110, sa_flags=SA_RESTART|SA_SIGINFO
SIGUSR1: SIG_DFL, sa_mask[0]=00000000000000000000000000000000, sa_flags=none
SIGUSR2: [libjvm.so+0x8dd950], sa_mask[0]=00000000000000000000000000000000, sa_flags=SA_RESTART|SA_SIGINFO
SIGHUP: SIG_DFL, sa_mask[0]=00000000000000000000000000000000, sa_flags=none
SIGINT: SIG_DFL, sa_mask[0]=00000000000000000000000000000000, sa_flags=none
SIGTERM: SIG_DFL, sa_mask[0]=00000000000000000000000000000000, sa_flags=none
SIGQUIT: SIG_DFL, sa_mask[0]=00000000000000000000000000000000, sa_flags=none


---------------  S Y S T E M  ---------------

OS:DISTRIB_ID=Ubuntu
DISTRIB_RELEASE=24.04
DISTRIB_CODENAME=noble
DISTRIB_DESCRIPTION="Ubuntu 24.04.2 LTS"

uname:Linux 6.8.0-1027-azure #32~22.04.1-Ubuntu SMP Thu Apr  3 20:26:27 UTC 2025 x86_64
libc:glibc 2.39 NPTL 2.39 
rlimit: STACK 8192k, CORE infinity, NPROC infinity, NOFILE 1048576, AS infinity
load average:0.27 0.38 0.93

/proc/meminfo:
MemTotal:        8129200 kB
MemFree:          216728 kB
MemAvailable:    4193328 kB
Buffers:          225896 kB
Cached:          3882488 kB
SwapCached:            0 kB
Active:          4264008 kB
Inactive:        3172332 kB
Active(anon):    3059052 kB
Inactive(anon):   340396 kB
Active(file):    1204956 kB
Inactive(file):  2831936 kB
Unevictable:       27856 kB
Mlocked:           27856 kB
SwapTotal:             0 kB
SwapFree:              0 kB
Zswap:                 0 kB
Zswapped:              0 kB
Dirty:               820 kB
Writeback:             0 kB
AnonPages:       3285424 kB
Mapped:           482524 kB
Shmem:             62168 kB
KReclaimable:     253320 kB
Slab:             347892 kB
SReclaimable:     253320 kB
SUnreclaim:        94572 kB
KernelStack:        7872 kB
PageTables:        33008 kB
SecPageTables:         0 kB
NFS_Unstable:          0 kB
Bounce:                0 kB
WritebackTmp:          0 kB
CommitLimit:     4064600 kB
Committed_AS:   10344752 kB
VmallocTotal:   34359738367 kB
VmallocUsed:       41176 kB
VmallocChunk:          0 kB
Percpu:             1160 kB
HardwareCorrupted:     0 kB
AnonHugePages:   1572864 kB
ShmemHugePages:        0 kB
ShmemPmdMapped:        0 kB
FileHugePages:         0 kB
FilePmdMapped:         0 kB
Unaccepted:            0 kB
HugePages_Total:       0
HugePages_Free:        0
HugePages_Rsvd:        0
HugePages_Surp:        0
Hugepagesize:       2048 kB
Hugetlb:               0 kB
DirectMap4k:      120768 kB
DirectMap2M:     4073472 kB
DirectMap1G:     6291456 kB

container (cgroup) information:
container_type: cgroupv2
cpu_cpuset_cpus: failed
cpu_memory_nodes: failed
active_processor_count: 2
cpu_quota: -1
cpu_period: 100000
cpu_shares: -1
memory_limit_in_bytes: -1
memory_and_swap_limit_in_bytes: -1
memory_soft_limit_in_bytes: 0
memory_usage_in_bytes: 3191668736
memory_max_usage_in_bytes: -2


CPU:total 2 (initial active 2) (16 cores per cpu, 1 threads per core) family 25 model 1 stepping 1, cmov, cx8, fxsr, mmx, sse, sse2, sse3, ssse3, sse4.1, sse4.2, popcnt, avx, avx2, aes, clmul, erms, mmxext, 3dnowpref, lzcnt, sse4a, tsc, tscinvbit, tscinv, bmi1

/proc/cpuinfo:
processor	: 0
vendor_id	: AuthenticAMD
cpu family	: 25
model		: 1
model name	: AMD EPYC 7763 64-Core Processor
stepping	: 1
microcode	: 0xffffffff
cpu MHz		: 3243.046
cache size	: 512 KB
physical id	: 0
siblings	: 2
core id		: 0
cpu cores	: 1
apicid		: 0
initial apicid	: 0
fpu		: yes
fpu_exception	: yes
cpuid level	: 13
wp		: yes
flags		: fpu vme de pse tsc msr pae mce cx8 apic sep mtrr pge mca cmov pat pse36 clflush mmx fxsr sse sse2 ht syscall nx mmxext fxsr_opt pdpe1gb rdtscp lm constant_tsc rep_good nopl tsc_reliable nonstop_tsc cpuid extd_apicid aperfmperf tsc_known_freq pni pclmulqdq ssse3 fma cx16 pcid sse4_1 sse4_2 movbe popcnt aes xsave avx f16c rdrand hypervisor lahf_lm cmp_legacy svm cr8_legacy abm sse4a misalignsse 3dnowprefetch osvw topoext vmmcall fsgsbase bmi1 avx2 smep bmi2 erms invpcid rdseed adx smap clflushopt clwb sha_ni xsaveopt xsavec xgetbv1 xsaves user_shstk clzero xsaveerptr rdpru arat npt nrip_save tsc_scale vmcb_clean flushbyasid decodeassists pausefilter pfthreshold v_vmsave_vmload umip vaes vpclmulqdq rdpid fsrm
bugs		: sysret_ss_attrs null_seg spectre_v1 spectre_v2 spec_store_bypass srso
bogomips	: 4890.86
TLB size	: 2560 4K pages
clflush size	: 64
cache_alignment	: 64
address sizes	: 48 bits physical, 48 bits virtual
power management:

processor	: 1
vendor_id	: AuthenticAMD
cpu family	: 25
model		: 1
model name	: AMD EPYC 7763 64-Core Processor
stepping	: 1
microcode	: 0xffffffff
cpu MHz		: 3243.134
cache size	: 512 KB
physical id	: 0
siblings	: 2
core id		: 0
cpu cores	: 1
apicid		: 1
initial apicid	: 1
fpu		: yes
fpu_exception	: yes
cpuid level	: 13
wp		: yes
flags		: fpu vme de pse tsc msr pae mce cx8 apic sep mtrr pge mca cmov pat pse36 clflush mmx fxsr sse sse2 ht syscall nx mmxext fxsr_opt pdpe1gb rdtscp lm constant_tsc rep_good nopl tsc_reliable nonstop_tsc cpuid extd_apicid aperfmperf tsc_known_freq pni pclmulqdq ssse3 fma cx16 pcid sse4_1 sse4_2 movbe popcnt aes xsave avx f16c rdrand hypervisor lahf_lm cmp_legacy svm cr8_legacy abm sse4a misalignsse 3dnowprefetch osvw topoext vmmcall fsgsbase bmi1 avx2 smep bmi2 erms invpcid rdseed adx smap clflushopt clwb sha_ni xsaveopt xsavec xgetbv1 xsaves user_shstk clzero xsaveerptr rdpru arat npt nrip_save tsc_scale vmcb_clean flushbyasid decodeassists pausefilter pfthreshold v_vmsave_vmload umip vaes vpclmulqdq rdpid fsrm
bugs		: sysret_ss_attrs null_seg spectre_v1 spectre_v2 spec_store_bypass srso
bogomips	: 4890.86
TLB size	: 2560 4K pages
clflush size	: 64
cache_alignment	: 64
address sizes	: 48 bits physical, 48 bits virtual
power management:



Memory: 4k page, physical 8129200k(216728k free), swap 0k(0k free)

vm_info: OpenJDK 64-Bit Server VM (25.402-b06) for linux-amd64 JRE (1.8.0_402-402-b06), built on Jan 24 2024 10:58:20 by "root" with gcc 4.8.5 20150623 (Red Hat 4.8.5-44)

time: Thu Jun 26 00:47:22 2025
timezone: UTC
elapsed time: 0.046427 seconds (0d 0h 0m 0s)

